ClassDecl (name: Main, superClass: Object)
| MethodDecl (argumentNames: [], argumentTypes: [], name: main, returnType: void)
| | Seq ()
| | Seq ()
ClassDecl (name: A, superClass: Object)
ClassDecl (name: B, superClass: Object)
| MethodDecl (argumentNames: [b, i, a], argumentTypes: [boolean, int, A], name: b, returnType: int)
| | Seq ()
| | Seq ()
| | | ReturnStmt ()
| | | | Var (name: i)
ClassDecl (name: C, superClass: B)
| MethodDecl (argumentNames: [c, d, e], argumentTypes: [boolean, int, A], name: b, returnType: int)
| | Seq ()
| | Seq ()
| | | ReturnStmt ()
| | | | Var (name: d)
