ClassDecl (name: Main, superClass: Object)
| MethodDecl (argumentNames: [], argumentTypes: [], name: main, returnType: void)
| | Seq ()
| | Seq ()
ClassDecl (name: B, superClass: Object)
| VarDecl (name: main, type: int)
| MethodDecl (argumentNames: [], argumentTypes: [], name: main, returnType: int)
| | Seq ()
| | Seq ()
| | | ReturnStmt ()
| | | | Var (name: main)
