ClassDecl (name: X, superClass: Object)
| VarDecl (name: field, type: int)
| VarDecl (name: ypsil, type: Y)
ClassDecl (name: Main, superClass: Object)
| MethodDecl (argumentNames: [], argumentTypes: [], name: main, returnType: void)
| | Seq ()
| | | VarDecl (name: x, type: X)
| | Seq ()
| | | Assign ()
| | | | Var (name: x)
| | | | NewObject (typeName: X)
| | | Assign ()
| | | | Field (fieldName: field)
| | | | | Var (name: z)
| | | | IntConst (value: 0)
| | | Assign ()
| | | | Field (fieldName: notafield)
| | | | | Var (name: x)
| | | | IntConst (value: 1)
ClassDecl (name: Y, superClass: Object)
| VarDecl (name: b, type: boolean)
