ClassDecl (name: Main, superClass: Object)
| MethodDecl (argumentNames: [], argumentTypes: [], name: main, returnType: void)
| | Seq ()
| | | VarDecl (name: a, type: A)
| | | VarDecl (name: result, type: boolean)
| | Seq ()
| | | Assign ()
| | | | Var (name: result)
| | | | BinaryOp (operator: B_AND)
| | | | | Var (name: a)
| | | | | IntConst (value: 0)
ClassDecl (name: A, superClass: Object)
