ClassDecl (name: Main, superClass: Object)
| MethodDecl (argumentNames: [], argumentTypes: [], name: main, returnType: void)
| | Seq ()
| | Seq ()
ClassDecl (name: A, superClass: Object)
| VarDecl (name: i, type: int)
ClassDecl (name: B, superClass: Object)
| MethodDecl (argumentNames: [], argumentTypes: [], name: bla, returnType: void)
| | Seq ()
| | Seq ()
ClassDecl (name: A, superClass: Object)
| VarDecl (name: b, type: boolean)
