ClassDecl (name: A, superClass: Object)
| VarDecl (name: foo, type: int)
| MethodDecl (argumentNames: [i], argumentTypes: [int], name: test, returnType: int)
| | Seq ()
| | Seq ()
| | | ReturnStmt ()
| | | | Var (name: i)
ClassDecl (name: B, superClass: A)
| VarDecl (name: bar, type: int)
ClassDecl (name: C, superClass: B)
| MethodDecl (argumentNames: [i], argumentTypes: [int], name: test, returnType: int)
| | Seq ()
| | Seq ()
| | | ReturnStmt ()
| | | | BinaryOp (operator: B_PLUS)
| | | | | Var (name: i)
| | | | | IntConst (value: 1)
ClassDecl (name: Main, superClass: Object)
| MethodDecl (argumentNames: [], argumentTypes: [], name: main, returnType: void)
| | Seq ()
| | Seq ()
