ClassDecl (name: Main, superClass: Object)
| VarDecl (name: main, type: int)
| MethodDecl (argumentNames: [], argumentTypes: [], name: main, returnType: void)
| | Seq ()
| | | VarDecl (name: a, type: A)
| | Seq ()
| | | Assign ()
| | | | Var (name: a)
| | | | NewObject (typeName: A)
ClassDecl (name: A, superClass: Object)
