ClassDecl (name: Main, superClass: Object)
| MethodDecl (argumentNames: [], argumentTypes: [], name: main, returnType: void)
| | Seq ()
| | | VarDecl (name: i, type: int)
| | Seq ()
| | | Assign ()
| | | | Var (name: i)
| | | | IntConst (value: 4)
| | | MethodCall ()
| | | | MethodCallExpr (methodName: f)
| | | | | ThisRef ()
| | | | | Var (name: i)
| | | | | Var (name: i)
| MethodDecl (argumentNames: [i, j], argumentTypes: [int, boolean], name: f, returnType: boolean)
| | Seq ()
| | Seq ()
| | | ReturnStmt ()
| | | | BooleanConst (value: true)
