ClassDecl (name: Main, superClass: Object)
| MethodDecl (argumentNames: [], argumentTypes: [], name: main, returnType: void)
| | Seq ()
| | | VarDecl (name: a, type: A)
| | | VarDecl (name: r, type: boolean)
| | Seq ()
| | | Assign ()
| | | | Var (name: r)
| | | | BinaryOp (operator: B_LESS_OR_EQUAL)
| | | | | Var (name: a)
| | | | | IntConst (value: 0)
ClassDecl (name: A, superClass: Object)
