ClassDecl (name: Main, superClass: Object)
| MethodDecl (argumentNames: [], argumentTypes: [], name: main, returnType: void)
| | Seq ()
| | | VarDecl (name: a, type: A)
| | | VarDecl (name: result, type: boolean)
| | Seq ()
| | | Assign ()
| | | | Var (name: result)
| | | | UnaryOp (operator: U_BOOL_NOT)
| | | | | Var (name: a)
ClassDecl (name: A, superClass: Object)
