ClassDecl (name: Foo, superClass: Object)
| MethodDecl (argumentNames: [], argumentTypes: [], name: foo, returnType: int)
| | Seq ()
| | | VarDecl (name: i, type: int)
| | Seq ()
| | | ReturnStmt ()
| | | | Var (name: i)
ClassDecl (name: Bar, superClass: Foo)
| MethodDecl (argumentNames: [], argumentTypes: [], name: foo, returnType: boolean)
| | Seq ()
| | | VarDecl (name: b, type: boolean)
| | Seq ()
| | | ReturnStmt ()
| | | | Var (name: b)
ClassDecl (name: Main, superClass: Object)
| MethodDecl (argumentNames: [], argumentTypes: [], name: main, returnType: void)
| | Seq ()
| | Seq ()
