ClassDecl (name: Main, superClass: Object)
| MethodDecl (argumentNames: [], argumentTypes: [], name: main, returnType: void)
| | Seq ()
| | | VarDecl (name: i0, type: int)
| | Seq ()
| | | Assign ()
| | | | Var (name: i0)
| | | | IntConst (value: 0)
| | | Assign ()
| | | | Var (name: i0)
| | | | MethodCallExpr (methodName: hallo)
| | | | | ThisRef ()
| MethodDecl (argumentNames: [], argumentTypes: [], name: hallo, returnType: void)
| | Seq ()
| | Seq ()
