ClassDecl (name: Main, superClass: Object)
| MethodDecl (argumentNames: [], argumentTypes: [], name: main, returnType: void)
| | Seq ()
| | Seq ()
| | | MethodCall ()
| | | | MethodCallExpr (methodName: f)
| | | | | ThisRef ()
| MethodDecl (argumentNames: [], argumentTypes: [], name: f, returnType: boolean)
| | Seq ()
| | Seq ()
| | | ReturnStmt ()
| | | | BooleanConst (value: true)
