ClassDecl (name: Main, superClass: Object)
| MethodDecl (argumentNames: [], argumentTypes: [], name: main, returnType: void)
| | Seq ()
| | Seq ()
ClassDecl (name: A, superClass: Object)
| MethodDecl (argumentNames: [], argumentTypes: [], name: method, returnType: boolean)
| | Seq ()
| | | VarDecl (name: a, type: int)
| | Seq ()
| | | IfElse ()
| | | | BinaryOp (operator: B_LESS_THAN)
| | | | | IntConst (value: 0)
| | | | | Var (name: a)
| | | | Seq ()
| | | | | Assign ()
| | | | | | Var (name: a)
| | | | | | BinaryOp (operator: B_MINUS)
| | | | | | | Var (name: a)
| | | | | | | IntConst (value: 1)
| | | | | ReturnStmt ()
| | | | | | BooleanConst (value: true)
| | | | Seq ()
| | | | | Assign ()
| | | | | | Var (name: a)
| | | | | | IntConst (value: 0)
