ClassDecl (name: Main, superClass: Object)
| MethodDecl (argumentNames: [], argumentTypes: [], name: main, returnType: void)
| | Seq ()
| | | VarDecl (name: a, type: A)
| | | VarDecl (name: b, type: B)
| | | VarDecl (name: result, type: boolean)
| | Seq ()
| | | Assign ()
| | | | Var (name: result)
| | | | MethodCallExpr (methodName: method)
| | | | | Var (name: a)
| | | | | Var (name: b)
| | | | | Var (name: b)
ClassDecl (name: A, superClass: Object)
| MethodDecl (argumentNames: [a, b], argumentTypes: [A, B], name: method, returnType: int)
| | Seq ()
| | Seq ()
| | | ReturnStmt ()
| | | | IntConst (value: 4)
ClassDecl (name: B, superClass: A)
