ClassDecl (name: Main, superClass: Object)
| MethodDecl (argumentNames: [], argumentTypes: [], name: main, returnType: void)
| | Seq ()
| | | VarDecl (name: a1, type: A)
| | | VarDecl (name: a2, type: A)
| | | VarDecl (name: result, type: int)
| | Seq ()
| | | Assign ()
| | | | Var (name: result)
| | | | BinaryOp (operator: B_TIMES)
| | | | | Var (name: a1)
| | | | | Var (name: a2)
ClassDecl (name: A, superClass: Object)
