ClassDecl (name: Main, superClass: Object)
| MethodDecl (argumentNames: [], argumentTypes: [], name: main, returnType: void)
| | Seq ()
| | Seq ()
ClassDecl (name: A, superClass: Object)
| MethodDecl (argumentNames: [], argumentTypes: [], name: A, returnType: void)
| | Seq ()
| | Seq ()
ClassDecl (name: B, superClass: Object)
| VarDecl (name: main, type: int)
| MethodDecl (argumentNames: [], argumentTypes: [], name: main, returnType: int)
| | Seq ()
| | Seq ()
| | | ReturnStmt ()
| | | | Var (name: main)
ClassDecl (name: C, superClass: Object)
| MethodDecl (argumentNames: [], argumentTypes: [], name: method, returnType: void)
| | Seq ()
| | | VarDecl (name: List, type: List)
| | Seq ()
| | | Assign ()
| | | | Var (name: List)
| | | | NewObject (typeName: List)
ClassDecl (name: List, superClass: Object)
| MethodDecl (argumentNames: [List], argumentTypes: [int], name: List, returnType: boolean)
| | Seq ()
| | | VarDecl (name: l, type: List)
| | Seq ()
| | | Assign ()
| | | | Var (name: l)
| | | | NewObject (typeName: List)
| | | IfElse ()
| | | | MethodCallExpr (methodName: List)
| | | | | ThisRef ()
| | | | | IntConst (value: 32)
| | | | Seq ()
| | | | | BuiltInWrite ()
| | | | | | Var (name: List)
| | | | Nop ()
| | | ReturnStmt ()
| | | | BinaryOp (operator: B_LESS_THAN)
| | | | | Var (name: List)
| | | | | IntConst (value: 0)
